============================= test session starts ==============================
platform darwin -- Python 3.11.11, pytest-7.4.0, pluggy-1.0.0 -- /opt/anaconda3/bin/python
cachedir: .pytest_cache
rootdir: /Users/sid/work/projects/xai-tutor-feb-Siddharth-Sharma
plugins: anyio-4.2.0
collecting ... collected 37 items

tests/test_auth.py::TestRegister::test_register_creates_user_returns_201 PASSED [  2%]
tests/test_auth.py::TestRegister::test_register_email_normalized_to_lowercase PASSED [  5%]
tests/test_auth.py::TestRegister::test_register_duplicate_email_returns_409 PASSED [  8%]
tests/test_auth.py::TestRegister::test_register_short_password_returns_400 PASSED [ 10%]
tests/test_auth.py::TestRegister::test_register_invalid_email_returns_422 PASSED [ 13%]
tests/test_auth.py::TestLogin::test_login_returns_token PASSED           [ 16%]
tests/test_auth.py::TestLogin::test_login_wrong_password_returns_401 PASSED [ 18%]
tests/test_auth.py::TestLogin::test_login_unknown_email_returns_401 PASSED [ 21%]
tests/test_auth.py::TestLogin::test_login_email_case_insensitive PASSED  [ 24%]
tests/test_cart.py::TestCartAuth::test_get_cart_without_auth_returns_401 PASSED [ 27%]
tests/test_cart.py::TestCartAuth::test_add_item_without_auth_returns_401 PASSED [ 29%]
tests/test_cart.py::TestAddCartItem::test_add_item_returns_201 PASSED    [ 32%]
tests/test_cart.py::TestAddCartItem::test_add_item_invalid_product_returns_404 PASSED [ 35%]
tests/test_cart.py::TestAddCartItem::test_add_item_quantity_zero_returns_400 PASSED [ 37%]
tests/test_cart.py::TestGetCart::test_get_cart_empty_returns_empty_list PASSED [ 40%]
tests/test_cart.py::TestGetCart::test_get_cart_after_add_shows_items_and_total PASSED [ 43%]
tests/test_cart.py::TestUpdateCartItem::test_update_quantity_returns_200 PASSED [ 45%]
tests/test_cart.py::TestUpdateCartItem::test_update_item_not_found_returns_404 PASSED [ 48%]
tests/test_cart.py::TestUpdateCartItem::test_update_quantity_invalid_returns_400 PASSED [ 51%]
tests/test_cart.py::TestRemoveCartItem::test_remove_item_returns_204 PASSED [ 54%]
tests/test_cart.py::TestRemoveCartItem::test_remove_item_not_found_returns_404 PASSED [ 56%]
tests/test_cart.py::TestCheckout::test_checkout_empty_cart_returns_message PASSED [ 59%]
tests/test_cart.py::TestCheckout::test_checkout_clears_cart PASSED       [ 62%]
tests/test_health.py::TestHealth::test_health_returns_200 PASSED         [ 64%]
tests/test_items.py::TestListItems::test_list_items_returns_200_and_array PASSED [ 67%]
tests/test_items.py::TestListItems::test_list_items_each_has_id_and_name PASSED [ 70%]
tests/test_items.py::TestGetItem::test_get_item_returns_200 PASSED       [ 72%]
tests/test_items.py::TestGetItem::test_get_item_not_found_returns_404 PASSED [ 75%]
tests/test_items.py::TestCreateItem::test_create_item_returns_201 PASSED [ 78%]
tests/test_items.py::TestCreateItem::test_create_item_missing_name_returns_422 PASSED [ 81%]
tests/test_items.py::TestUpdateItem::test_update_item_returns_200 PASSED [ 83%]
tests/test_items.py::TestUpdateItem::test_update_item_not_found_returns_404 PASSED [ 86%]
tests/test_items.py::TestDeleteItem::test_delete_item_returns_204 PASSED [ 89%]
tests/test_items.py::TestDeleteItem::test_delete_item_not_found_returns_404 PASSED [ 91%]
tests/test_products.py::TestListProducts::test_list_products_returns_200 PASSED [ 94%]
tests/test_products.py::TestListProducts::test_list_products_each_has_id_name_price PASSED [ 97%]
tests/test_products.py::TestListProducts::test_list_products_seeded_data_present PASSED [100%]

=============================== warnings summary ===============================
../../../../../opt/anaconda3/lib/python3.11/site-packages/passlib/utils/__init__.py:854
  /opt/anaconda3/lib/python3.11/site-packages/passlib/utils/__init__.py:854: DeprecationWarning: 'crypt' is deprecated and slated for removal in Python 3.13
    from crypt import crypt as _crypt

tests/test_auth.py: 9 warnings
tests/test_cart.py: 14 warnings
tests/test_health.py: 1 warning
tests/test_items.py: 10 warnings
tests/test_products.py: 3 warnings
  /opt/anaconda3/lib/python3.11/site-packages/httpx/_client.py:680: DeprecationWarning: The 'app' shortcut is now deprecated. Use the explicit style 'transport=WSGITransport(app=...)' instead.
    warnings.warn(message, DeprecationWarning)

-- Docs: https://docs.pytest.org/en/stable/how-to/capture-warnings.html
======================= 37 passed, 38 warnings in 6.55s ========================
